// Jest Snapshot v1, https://goo.gl/fbAQLP

exports[`ButtonElement renders correctly 1`] = `
<span>
  <button
    class="text-white bg-primary h-10 w-32 rounded-md hover:shadow-lg transition-shadow duration-200 ease-in-out"
  />
   
  <!---->
   
  <!---->
</span>
`;
