// Jest Snapshot v1, https://goo.gl/fbAQLP

exports[`SearchBar renders correctly 1`] = `
<div
  class="flex items-center h-10 bg-gray-200 rounded-md focus-within:outline focus-within:outline-2 focus-within:outline-gray-400"
>
  <font-awesome-icon
    class="mx-4 text-gray-400"
    icon="fas,magnifying-glass"
  />
   
  <input
    class="h-10 bg-transparent focus:outline-none w-80"
    placeholder="Find a quiz"
    type="text"
  />
</div>
`;
